// Jest Snapshot v1, https://goo.gl/fbAQLP

exports[`containers/app/App renders correctly 1`] = `
<div
  className="root"
>
  <Helmet
    defaultTitle="React Boilerplate"
    titleTemplate="%s | React Boilerplate"
  />
  <div
    className="logo"
  >
    <Link
      className="logoContent"
      title="Home"
      to="/"
    >
      React Boilerplate
    </Link>
  </div>
  Hello world.
</div>
`;
